// Jest Snapshot v1, https://goo.gl/fbAQLP

exports[`Matches snapshot 1`] = `
Object {
  "asFragment": [Function],
  "baseElement": <body>
    <div>
      <div
        style="margin: 50px 50px 0px 100px; width: auto; text-align: left;"
      >
        <div
          class="col-12 float-left"
        >
          <h2>
            General
          </h2>
          <hr />
          <div
            class="col-4 float-left"
          >
            <div
              class="min-vw-50 d-inline font-weight-bold"
            >
              Id:
            </div>
            <div
              class="d-inline min-vw-50 p-5"
              data-testid="id"
            >
              k3qoOGdq0B
            </div>
          </div>
          <div
            class="col-4 float-left"
          >
            <div
              class="min-vw-50 d-inline font-weight-bold"
            >
              Root id:
            </div>
            <div
              class="d-inline min-vw-50 p-5"
            >
              No data
            </div>
          </div>
          <div
            class="col-4 float-left"
          >
            <div
              class="min-vw-50 d-inline font-weight-bold"
            >
              Number:
            </div>
            <div
              class="d-inline min-vw-50 p-5"
            >
              No data
            </div>
          </div>
          <div
            class="col-4 float-left"
          >
            <div
              class="min-vw-50 d-inline font-weight-bold"
            >
              Title:
            </div>
            <div
              class="d-inline min-vw-50 p-5"
              data-testid="title"
            >
              Measure Strap length
            </div>
          </div>
          <div
            class="col-4 float-left"
          >
            <div
              class="min-vw-50 d-inline font-weight-bold"
            >
              Description:
            </div>
            <div
              class="d-inline min-vw-50 p-5"
              data-testid="description"
            >
              Test description
            </div>
          </div>
          <div
            class="col-4 float-left"
          >
            <div
              class="min-vw-50 d-inline font-weight-bold"
            >
              Priority:
            </div>
            <div
              class="d-inline min-vw-50 p-5"
            >
              No data
            </div>
          </div>
          <div
            class="col-4 float-left"
          >
            <div
              class="min-vw-50 d-inline font-weight-bold"
            >
              Status:
            </div>
            <div
              class="d-inline min-vw-50 p-5"
            >
              No data
            </div>
          </div>
          <div
            class="col-4 float-left"
          >
            <div
              class="min-vw-50 d-inline font-weight-bold"
            >
              Category:
            </div>
            <div
              class="d-inline min-vw-50 p-5"
            >
              No data
            </div>
          </div>
        </div>
      </div>
    </div>
  </body>,
  "container": <div>
    <div
      style="margin: 50px 50px 0px 100px; width: auto; text-align: left;"
    >
      <div
        class="col-12 float-left"
      >
        <h2>
          General
        </h2>
        <hr />
        <div
          class="col-4 float-left"
        >
          <div
            class="min-vw-50 d-inline font-weight-bold"
          >
            Id:
          </div>
          <div
            class="d-inline min-vw-50 p-5"
            data-testid="id"
          >
            k3qoOGdq0B
          </div>
        </div>
        <div
          class="col-4 float-left"
        >
          <div
            class="min-vw-50 d-inline font-weight-bold"
          >
            Root id:
          </div>
          <div
            class="d-inline min-vw-50 p-5"
          >
            No data
          </div>
        </div>
        <div
          class="col-4 float-left"
        >
          <div
            class="min-vw-50 d-inline font-weight-bold"
          >
            Number:
          </div>
          <div
            class="d-inline min-vw-50 p-5"
          >
            No data
          </div>
        </div>
        <div
          class="col-4 float-left"
        >
          <div
            class="min-vw-50 d-inline font-weight-bold"
          >
            Title:
          </div>
          <div
            class="d-inline min-vw-50 p-5"
            data-testid="title"
          >
            Measure Strap length
          </div>
        </div>
        <div
          class="col-4 float-left"
        >
          <div
            class="min-vw-50 d-inline font-weight-bold"
          >
            Description:
          </div>
          <div
            class="d-inline min-vw-50 p-5"
            data-testid="description"
          >
            Test description
          </div>
        </div>
        <div
          class="col-4 float-left"
        >
          <div
            class="min-vw-50 d-inline font-weight-bold"
          >
            Priority:
          </div>
          <div
            class="d-inline min-vw-50 p-5"
          >
            No data
          </div>
        </div>
        <div
          class="col-4 float-left"
        >
          <div
            class="min-vw-50 d-inline font-weight-bold"
          >
            Status:
          </div>
          <div
            class="d-inline min-vw-50 p-5"
          >
            No data
          </div>
        </div>
        <div
          class="col-4 float-left"
        >
          <div
            class="min-vw-50 d-inline font-weight-bold"
          >
            Category:
          </div>
          <div
            class="d-inline min-vw-50 p-5"
          >
            No data
          </div>
        </div>
      </div>
    </div>
  </div>,
  "debug": [Function],
  "findAllByAltText": [Function],
  "findAllByDisplayValue": [Function],
  "findAllByLabelText": [Function],
  "findAllByPlaceholderText": [Function],
  "findAllByRole": [Function],
  "findAllByTestId": [Function],
  "findAllByText": [Function],
  "findAllByTitle": [Function],
  "findByAltText": [Function],
  "findByDisplayValue": [Function],
  "findByLabelText": [Function],
  "findByPlaceholderText": [Function],
  "findByRole": [Function],
  "findByTestId": [Function],
  "findByText": [Function],
  "findByTitle": [Function],
  "getAllByAltText": [Function],
  "getAllByDisplayValue": [Function],
  "getAllByLabelText": [Function],
  "getAllByPlaceholderText": [Function],
  "getAllByRole": [Function],
  "getAllByTestId": [Function],
  "getAllByText": [Function],
  "getAllByTitle": [Function],
  "getByAltText": [Function],
  "getByDisplayValue": [Function],
  "getByLabelText": [Function],
  "getByPlaceholderText": [Function],
  "getByRole": [Function],
  "getByTestId": [Function],
  "getByText": [Function],
  "getByTitle": [Function],
  "queryAllByAltText": [Function],
  "queryAllByDisplayValue": [Function],
  "queryAllByLabelText": [Function],
  "queryAllByPlaceholderText": [Function],
  "queryAllByRole": [Function],
  "queryAllByTestId": [Function],
  "queryAllByText": [Function],
  "queryAllByTitle": [Function],
  "queryByAltText": [Function],
  "queryByDisplayValue": [Function],
  "queryByLabelText": [Function],
  "queryByPlaceholderText": [Function],
  "queryByRole": [Function],
  "queryByTestId": [Function],
  "queryByText": [Function],
  "queryByTitle": [Function],
  "rerender": [Function],
  "unmount": [Function],
}
`;
